root@dev-hial1:~# pkg update
pkg: 0/1 catalogs successfully updated:
http protocol error: Unknown error code: 403 reason: Forbidden
URL: 'http://localhost:1008/solaris/cd5f859ae60848b1316dffc9131991a8dcad0e4f/catalog/1/catalog.attrs'

root@dev-hial1:~# svcs -l svc:/application/pkg/zones-proxy-client:default
fmri         svc:/application/pkg/zones-proxy-client:default
name         Zones Proxy Client
enabled      true
state        online
next_state   none
state_time   May  6, 2020 at  5:48:00 PM UTC
logfile      /var/svc/log/application-pkg-zones-proxy-client:default.log
restarter    svc:/system/svc/restarter:default
contract_id  671
manifest     /lib/svc/manifest/application/pkg/zoneproxy-client.xml
dependency   require_any/none svc:/system/filesystem/minimal (online)
dependency   require_any/error svc:/milestone/network (online)

config/listen_host astring localhost
config/listen_port integer 1008

root@knpapp11:~# pkg publisher
PUBLISHER                   TYPE     STATUS P LOCATION
solaris                     origin   online F file:///net/192.168.63.230/Shared/S11.4_GA_repo/
root@knpapp11:~# pkg publisher solaris
Publisher: solaris
Alias:
Origin URI: file:///net/192.168.63.230/Shared/S11.4_GA_repo/
Origin Status: Online
SSL Key: None
SSL Cert: None
Client UUID: 9f412c18-477f-11ea-a085-d7645c9bba67
Catalog Updated: January 30, 2020 at  8:20:55 PM
Enabled: Yes

root@knpapp11:~# svcs -l svc:/application/pkg/system-repository:default
fmri         svc:/application/pkg/system-repository:default
name         IPS System Repository
enabled      true (temporary)
state        online
next_state   none
state_time   May  6, 2020 at  5:47:40 PM UTC
logfile      /var/svc/log/application-pkg-system-repository:default.log
restarter    svc:/system/svc/restarter:default
contract_id  163
manifest     /lib/svc/manifest/application/pkg/pkg-system-repository.xml
dependency   optional_all/error svc:/system/filesystem/autofs:default (online)
dependency   require_all/none svc:/system/filesystem/local:default (online)
dependency   require_all/error svc:/milestone/network:default (online)

config/host astring 127.0.0.1
config/http_proxy astring ""
config/https_proxy astring ""
config/port count 1008

root@knpapp11:~# curl file:///net/192.168.63.230/Shared/S11.4_GA_repo/
curl: (37) Couldn't open file /net/192.168.63.230/Shared/S11.4_GA_repo/
root@knpapp11:~# ping 192.168.63.230
no answer from 192.168.63.230
root@knpapp11:~# nslookup 192.168.63.230
Server:         192.168.63.237
Address:        192.168.63.237#53
230.63.168.192.in-addr.arpa     name = ldap2.np.health.local.

pkg set-publisher -G "*" -g /export/pkgs/repos/solsr solaris