##  solarisrepo.sh
### PROBLEM: locale
##

After doing these:
svccfg -s svc:/system/environment:init setprop environment/LANG = astring: "en_US.UTF-8"
svccfg -s svc:/system/environment:init setprop environment/LC_ALL = astring: "en_US.UTF-8"
And rebooting, this doesn't change:

root@sol-dev2:~# locale
LANG=C.UTF-8
LC_CTYPE="C"
LC_NUMERIC="C"
LC_TIME="C"
LC_COLLATE="C"
LC_MONETARY="C"
LC_MESSAGES="C"
LC_ALL=C.UTF-8

root@sol-dev2:~# svcprop svc:/system/environment:init
environment/LANG astring C
environment/LC_ALL astring ""
environment/LC_COLLATE astring ""
environment/LC_CTYPE astring ""
environment/LC_MESSAGES astring ""
environment/LC_MONETARY astring ""
environment/LC_NUMERIC astring ""
environment/LC_TIME astring ""

This should work, because:
usr/lib/locale/en_US.UTF-8/en_US.UTF-8 exists

root@sol-dev2:~/git/collectd# locale -a
C
POSIX
de_DE.ISO8859-1
de_DE.ISO8859-15
de_DE.UTF-8
en_US.ISO8859-1
en_US.ISO8859-15
en_US.ISO8859-15@euro
en_US.UTF-8

Tried this:
root@sol-dev2:~# pkg change-facet facet.locale.en_US=True
Failed to set locale: unsupported locale setting.  Falling back to C.
pkg: Unable to set locale 'en_US.UTF-8'; locale package may be broken or
not installed.  Reverting to C locale.

root@sol-dev2:~# pkg change-facet facet.locale.en_*=True
Failed to set locale: unsupported locale setting.  Falling back to C.
pkg: Unable to set locale 'en_US.UTF-8'; locale package may be broken or
not installed.  Reverting to C locale.
            Packages to change:  5
     Variants/Facets to change:  1
       Create boot environment: No
Create backup boot environment: No

DOWNLOAD                                PKGS         FILES    XFER (MB)   SPEED
Completed                                5/5         25/25      0.2/0.2 79.8k/s

PHASE                                          ITEMS
Installing new actions                       325/325
Updating package state database                 Done
Updating package cache                           0/0
Updating image state                            Done
Creating fast lookup database                   Done
Updating package cache                           1/1

root@sol-dev2:~# svcprop svc:/system/environment:init
environment/LANG astring en_US.UTF-8
environment/LC_ALL astring en_US.UTF-8
environment/LC_COLLATE astring ""
environment/LC_CTYPE astring ""
environment/LC_MESSAGES astring ""
environment/LC_MONETARY astring ""
environment/LC_NUMERIC astring ""
environment/LC_TIME astring ""

Last login: Mon Jul 13 19:57:37 2020 from 128.129.49.2
-bash: warning: setlocale: LC_ALL: cannot change locale (C.UTF-8): No such file or directory
Oracle Corporation      SunOS 5.11      11.4    June 2020
opc@sol-dev2:~$

root@sol-dev2:~$ pkg search en_US.UTF-8
INDEX      ACTION VALUE                                  PACKAGE
basename   dir    usr/share/lib/setterm/en_US.UTF-8      pkg:/system/locale/setterm@11.4-11.4.22.0.1.69.4
basename   dir    usr/lib/locale/en_US.UTF-8             pkg:/system/locale/extra@11.4-11.4.22.0.1.69.4
basename   file   usr/lib/locale/en_US.UTF-8/en_US.UTF-8 pkg:/system/locale@11.4-11.4.21.0.1.69.0

Tried install:
pkg install locale setterm extra

root@sol-dev2:~# find / -name "en_US.UTF-8" -print
/usr/lib/locale/en_US.UTF-8
/usr/lib/locale/en_US.UTF-8/en_US.UTF-8

Tried adding to /root/.profile:
